########## ATTEMPT 1 exit=101 secs=6.9
cargo :    Compiling proc-macro2 v1.0.107
At line:7 char:10
+   $out = cargo build --release --message-format short *>&1 | Out-Stri ...
+          ~~~~~~~~~~~~~~~~~~~~~~~~~~~~~~~~~~~~~~~~~~~~~~~~~
    + CategoryInfo          : NotSpecified: (   Compiling proc-macro2 v1.0.107:String) [], RemoteException
    + FullyQualifiedErrorId : NativeCommandError
 
   Compiling quote v1.0.47
   Compiling libm v0.2.16
   Compiling num-traits v0.2.19
   Compiling once_cell v1.21.4
   Compiling cc v1.7.0
   Compiling zerocopy v0.8.62
   Compiling getrandom v0.3.4
   Compiling stable_deref_trait v1.2.1
   Compiling crossbeam-utils v0.8.23
   Compiling serde_core v1.0.229
   Compiling windows-link v0.2.1
error: failed to remove C:\Users\pocot\Music\T_Dubber\tts_rust\target\release\build\crossbeam-utils-6a0b5124a24caf43\build_script_build-6a0b5124a24caf43.build_script_build.5292e1fd447d07b2-cgu.0.rcgu.o: The process cannot access the file because it is being used by another process. (os error 32)
error: could not compile `crossbeam-utils` (build script) due to 1 previous error
warning: build failed, waiting for other jobs to finish...

########## ATTEMPT 2 exit=101 secs=25.4
cargo :    Compiling quote v1.0.47
At line:7 char:10
+   $out = cargo build --release --message-format short *>&1 | Out-Stri ...
+          ~~~~~~~~~~~~~~~~~~~~~~~~~~~~~~~~~~~~~~~~~~~~~~~~~
    + CategoryInfo          : NotSpecified: (   Compiling quote v1.0.47:String) [], RemoteException
    + FullyQualifiedErrorId : NativeCommandError
 
   Compiling libm v0.2.16
   Compiling crossbeam-utils v0.8.23
   Compiling crossbeam-epoch v0.9.21
   Compiling version_check v0.9.5
   Compiling serde_core v1.0.229
   Compiling rand_core v0.9.5
   Compiling windows-sys v0.61.2
   Compiling syn v3.0.7
   Compiling syn v2.0.119
   Compiling crossbeam-deque v0.8.8
   Compiling bitflags v2.13.2
   Compiling itoa v1.0.18
   Compiling rayon-core v1.13.0
   Compiling paste v1.0.15
   Compiling serde v1.0.229
   Compiling either v1.19.0
   Compiling num-traits v0.2.19
   Compiling smallvec v1.16.3
   Compiling rayon v1.12.0
   Compiling pulp v0.22.3
   Compiling libc v0.2.190
   Compiling pin-project-lite v0.2.17
   Compiling raw-cpuid v11.6.0
   Compiling bytes v1.12.1
   Compiling pulp-wasm-simd-flag v0.1.1
   Compiling reborrow v0.5.5
   Compiling dyn-stack-macros v0.1.3
   Compiling synstructure v0.14.0
   Compiling aho-corasick v1.1.5
   Compiling regex-syntax v0.8.11
   Compiling futures-core v0.3.34
   Compiling strsim v0.11.1
   Compiling seq-macro v0.3.6
   Compiling fnv v1.0.7
error: failed to remove C:\Users\pocot\Music\T_Dubber\tts_rust\target\release\deps\seq_macro-5663221071c85093.seq_macro.d8febc1fb39c27a-cgu.0.rcgu.o: The process cannot access the file because it is being used by another process. (os error 32)
error: could not compile `seq-macro` (lib) due to 1 previous error
warning: build failed, waiting for other jobs to finish...

########## ATTEMPT 3 exit=101 secs=30.5
cargo :    Compiling zerocopy-derive v0.8.62
At line:7 char:10
+   $out = cargo build --release --message-format short *>&1 | Out-Stri ...
+          ~~~~~~~~~~~~~~~~~~~~~~~~~~~~~~~~~~~~~~~~~~~~~~~~~
    + CategoryInfo          : NotSpecified: (   Compiling zerocopy-derive v0.8.62:String) [], RemoteException
    + FullyQualifiedErrorId : NativeCommandError
 
   Compiling bytemuck_derive v1.12.1
   Compiling zerofrom-derive v0.1.8
   Compiling yoke-derive v0.8.4
   Compiling serde_derive v1.0.229
   Compiling zerovec-derive v0.11.6
   Compiling displaydoc v0.2.7
   Compiling ident_case v1.0.1
   Compiling seq-macro v0.3.6
   Compiling darling_core v0.20.11
   Compiling regex-automata v0.4.18
   Compiling writeable v0.6.4
   Compiling zerofrom v0.1.8
   Compiling yoke v0.8.3
   Compiling litemap v0.8.3
   Compiling mio v1.2.4
   Compiling socket2 v0.6.5
   Compiling zerovec v0.11.8
   Compiling bytemuck v1.25.2
   Compiling num-complex v0.4.6
   Compiling dyn-stack v0.13.2
   Compiling pulp v0.22.3
   Compiling tinystr v0.8.4
   Compiling potential_utf v0.1.6
   Compiling icu_locale_core v2.3.0
   Compiling zerotrie v0.2.5
   Compiling zerocopy v0.8.62
   Compiling ring v0.17.14
   Compiling zmij v1.0.23
   Compiling icu_properties_data v2.3.0
error: failed to write C:\Users\pocot\Music\T_Dubber\tts_rust\target\release\deps\libdarling_core-843938231ea4f869.rmeta: The process cannot access the file because it is being used by another process. (os error 32)
   Compiling icu_normalizer_data v2.3.0
   Compiling utf8_iter v1.0.4
error: could not compile `darling_core` (lib) due to 1 previous error
warning: build failed, waiting for other jobs to finish...

########## ATTEMPT 4 exit=101 secs=26.3
cargo :    Compiling ppv-lite86 v0.2.21
At line:7 char:10
+   $out = cargo build --release --message-format short *>&1 | Out-Stri ...
+          ~~~~~~~~~~~~~~~~~~~~~~~~~~~~~~~~~~~~~~~~~~~~~~~~~
    + CategoryInfo          : NotSpecified: (   Compiling ppv-lite86 v0.2.21:String) [], RemoteException
    + FullyQualifiedErrorId : NativeCommandError
 
   Compiling serde v1.0.229
   Compiling darling_core v0.20.11
   Compiling pkg-config v0.3.34
   Compiling rustversion v1.0.23
   Compiling ring v0.17.14
   Compiling icu_properties_data v2.3.0
   Compiling icu_normalizer_data v2.3.0
   Compiling zmij v1.0.23
   Compiling icu_collections v2.3.0
   Compiling icu_provider v2.3.1
   Compiling rand_chacha v0.9.0
   Compiling tokio v1.53.2
   Compiling http v1.5.0
   Compiling onig_sys v69.9.3
   Compiling rand v0.9.5
   Compiling ryu v1.0.23
   Compiling futures-sink v0.3.34
   Compiling percent-encoding v2.3.2
   Compiling portable-atomic v1.15.0
   Compiling serde_json v1.0.151
   Compiling equivalent v1.0.2
   Compiling zeroize v1.9.1
   Compiling rustls-pki-types v1.15.1
error: failed to write C:\Users\pocot\Music\T_Dubber\tts_rust\target\release\deps\librand-900f6d21e29e0ed5.rmeta: The process cannot access the file because it is being used by another process. (os error 32)
error: could not compile `rand` (lib) due to 1 previous error
warning: build failed, waiting for other jobs to finish...

########## ATTEMPT 5 exit=101 secs=20.2
cargo :    Compiling rand v0.9.5
At line:7 char:10
+   $out = cargo build --release --message-format short *>&1 | Out-Stri ...
+          ~~~~~~~~~~~~~~~~~~~~~~~~~~~~~~~~~~~~~~~~~~~~~~~~~
    + CategoryInfo          : NotSpecified: (   Compiling rand v0.9.5:String) [], RemoteException
    + FullyQualifiedErrorId : NativeCommandError
 
   Compiling darling_macro v0.20.11
   Compiling http-body v1.1.0
   Compiling icu_normalizer_data v2.3.0
   Compiling zmij v1.0.23
   Compiling icu_properties_data v2.3.0
   Compiling ahash v0.8.12
   Compiling esaxx-rs v0.1.10
   Compiling getrandom v0.2.17
   Compiling httparse v1.10.1
   Compiling futures-task v0.3.34
   Compiling minimal-lexical v0.2.1
   Compiling crc32fast v1.5.2
   Compiling futures-io v0.3.34
   Compiling darling v0.20.11
   Compiling thiserror v2.0.21
   Compiling untrusted v0.9.0
   Compiling derive_builder_core v0.20.2
   Compiling slab v0.4.12
   Compiling rand_distr v0.5.1
   Compiling encode_unicode v1.0.0
   Compiling unicode-width v0.2.2
   Compiling ring v0.17.14
   Compiling futures-util v0.3.34
   Compiling nom v7.1.3
   Compiling console v0.16.6
error: failed to write C:\Users\pocot\Music\T_Dubber\tts_rust\target\release\deps\libderive_builder_core-75db692eac836c94.rmeta: The process cannot access the file because it is being used by another process. (os error 32)
error: could not compile `derive_builder_core` (lib) due to 1 previous error
warning: build failed, waiting for other jobs to finish...

########## ATTEMPT 6 exit=101 secs=11.5
cargo :    Compiling half v2.7.1
At line:7 char:10
+   $out = cargo build --release --message-format short *>&1 | Out-Stri ...
+          ~~~~~~~~~~~~~~~~~~~~~~~~~~~~~~~~~~~~~~~~~~~~~~~~~
    + CategoryInfo          : NotSpecified: (   Compiling half v2.7.1:String) [], RemoteException
    + FullyQualifiedErrorId : NativeCommandError
 
   Compiling derive_builder_core v0.20.2
   Compiling httparse v1.10.1
   Compiling crc32fast v1.5.2
   Compiling ahash v0.8.12
   Compiling esaxx-rs v0.1.10
   Compiling icu_normalizer v2.3.0
   Compiling portable-atomic v1.15.0
   Compiling onig_sys v69.9.3
   Compiling serde_json v1.0.151
   Compiling castaway v0.2.4
   Compiling icu_properties v2.3.0
   Compiling regex v1.13.1
error: failed to write C:\Users\pocot\Music\T_Dubber\tts_rust\target\release\deps\libhalf-85e8cddf4cdee7e6.rmeta: The process cannot access the file because it is being used by another process. (os error 32)
error: could not compile `half` (lib) due to 1 previous error
warning: build failed, waiting for other jobs to finish...

########## ATTEMPT 7 exit=0 secs=500.1
cargo :    Compiling half v2.7.1
At line:7 char:10
+   $out = cargo build --release --message-format short *>&1 | Out-Stri ...
+          ~~~~~~~~~~~~~~~~~~~~~~~~~~~~~~~~~~~~~~~~~~~~~~~~~
    + CategoryInfo          : NotSpecified: (   Compiling half v2.7.1:String) [], RemoteException
    + FullyQualifiedErrorId : NativeCommandError
 
   Compiling derive_builder_macro v0.20.2
   Compiling itertools v0.14.0
   Compiling tracing-attributes v0.1.31
   Compiling monostate-impl v0.1.18
   Compiling thiserror-impl v2.0.21
   Compiling tracing-core v0.1.36
   Compiling pastey v0.2.3
   Compiling gemm-common v0.19.0
   Compiling hashbrown v0.17.1
   Compiling unit-prefix v0.5.2
   Compiling macro_rules_attribute-proc_macro v0.2.3
   Compiling unicode-segmentation v1.13.3
   Compiling gemm-f32 v0.19.0
   Compiling allocator-api2 v0.2.21
   Compiling rustls v0.23.45
   Compiling foldhash v0.2.0
   Compiling static_assertions v1.1.0
   Compiling base64 v0.13.1
   Compiling tower-service v0.3.3
   Compiling log v0.4.34
   Compiling try-lock v0.2.5
   Compiling hashbrown v0.16.1
   Compiling spm_precompiled v0.1.4
   Compiling want v0.3.2
   Compiling thiserror v2.0.21
   Compiling tracing v0.1.44
   Compiling compact_str v0.9.1
   Compiling gemm-f16 v0.19.0
   Compiling indexmap v2.14.2
   Compiling macro_rules_attribute v0.2.3
   Compiling gemm-c64 v0.19.0
   Compiling gemm-c32 v0.19.0
   Compiling rayon-cond v0.4.0
   Compiling gemm-f64 v0.19.0
   Compiling indicatif v0.18.6
   Compiling derive_builder v0.20.2
   Compiling monostate v0.1.18
   Compiling idna_adapter v1.2.2
   Compiling ahash v0.8.12
   Compiling esaxx-rs v0.1.10
   Compiling onig v6.5.3
   Compiling crc32fast v1.5.2
   Compiling httparse v1.10.1
   Compiling rustls-webpki v0.103.15
   Compiling form_urlencoded v1.2.2
   Compiling dary_heap v0.3.9
   Compiling unicode-normalization-alignments v0.1.12
   Compiling subtle v2.6.1
   Compiling atomic-waker v1.1.2
   Compiling unicode_categories v0.1.1
   Compiling typed-path v0.12.3
   Compiling hyper v1.12.0
   Compiling gemm v0.19.0
   Compiling tokenizers v0.22.2
   Compiling idna v1.1.0
   Compiling safetensors v0.7.0
   Compiling float8 v0.7.0
   Compiling futures-channel v0.3.34
   Compiling sync_wrapper v1.0.2
   Compiling num-integer v0.1.47
   Compiling memmap2 v0.9.11
   Compiling bit-vec v0.6.3
   Compiling zip v7.2.0
   Compiling tower-layer v0.3.3
   Compiling base64 v0.23.1
   Compiling bit-vec v0.8.0
   Compiling anyhow v1.0.104
   Compiling ipnet v2.12.2
   Compiling num_cpus v1.17.0
   Compiling byteorder v1.5.0
   Compiling hyper-util v0.1.21
   Compiling bit-set v0.8.0
   Compiling tower v0.5.3
   Compiling bit-set v0.5.3
   Compiling url v2.5.8
   Compiling webpki-roots v1.0.9
   Compiling base64 v0.22.1
   Compiling strength_reduce v0.2.4
   Compiling transpose v0.2.3
   Compiling tower-http v0.6.11
   Compiling fancy-regex v0.13.0
   Compiling fancy-regex v0.17.0
   Compiling primal-check v0.3.4
   Compiling serde_urlencoded v0.7.1
   Compiling http-body-util v0.1.5
   Compiling bstr v1.13.1
   Compiling serde_plain v1.0.2
   Compiling lazy_static v1.5.1
   Compiling rustc-hash v1.1.0
   Compiling rustfft v6.4.1
   Compiling nanomp3 v0.1.1
   Compiling tiktoken-rs v0.9.1
   Compiling tokio-rustls v0.26.6
   Compiling hyper-rustls v0.27.10
   Compiling reqwest v0.12.28
   Compiling candle-core v0.10.2
   Compiling candle-nn v0.10.2
   Compiling candle-transformers v0.10.2
   Compiling any-tts v0.2.0
   Compiling tdub-tts v0.1.0 (C:\Users\pocot\Music\T_Dubber\tts_rust)
src\main.rs:48:26: warning: unused import: `TtsModel`
warning: `tdub-tts` (bin "tdub_tts") generated 1 warning
    Finished `release` profile [optimized] target(s) in 8m 18s

